
> frontend@0.1.0 dev
> next dev

▲ Next.js 16.2.6 (Turbopack)
- Local:         http://localhost:3000
- Network:       http://192.168.100.126:3000
- Environments: .env.local
✓ Ready in 3.4s
Creating turbopack project {
  dir: 'C:\\Users\\Administrator\\Desktop\\Police-case-management-system\\frontend',
  testMode: true
}

○ Compiling /users ...
 GET /login 200 in 6.9s (next.js: 3.5s, application-code: 3.4s)
 GET /users 200 in 6.9s (next.js: 6.0s, application-code: 955ms)
 GET /uploads/profiles/1-1782742115599.jpeg 404 in 380ms (next.js: 133ms, application-code: 246ms)
 GET /uploads/profiles/7-1782736010424.jpeg 404 in 454ms (next.js: 176ms, application-code: 278ms)
 GET /offenders 200 in 308ms (next.js: 139ms, application-code: 170ms)
 GET /cases 200 in 352ms (next.js: 223ms, application-code: 130ms)
 GET /offenders 200 in 62ms (next.js: 10ms, application-code: 52ms)
 GET /offenders 200 in 198ms (next.js: 10ms, application-code: 188ms)
 GET /offenders 200 in 213ms (next.js: 11ms, application-code: 202ms)
 GET /offenders 200 in 200ms (next.js: 13ms, application-code: 187ms)
 GET /offenders 200 in 240ms (next.js: 13ms, application-code: 228ms)
 GET /offenders 200 in 164ms (next.js: 9ms, application-code: 155ms)
 GET /offenders 200 in 190ms (next.js: 10ms, application-code: 181ms)
 GET /offenders 200 in 187ms (next.js: 9ms, application-code: 178ms)
 GET /offenders 200 in 178ms (next.js: 8ms, application-code: 169ms)
 GET /offenders 200 in 203ms (next.js: 10ms, application-code: 193ms)
 GET /offenders 200 in 214ms (next.js: 11ms, application-code: 203ms)
 GET /offenders 200 in 224ms (next.js: 11ms, application-code: 213ms)
 GET /offenders 200 in 187ms (next.js: 9ms, application-code: 178ms)
 GET /offenders 200 in 233ms (next.js: 9ms, application-code: 224ms)
 GET /offenders 200 in 198ms (next.js: 11ms, application-code: 187ms)
 GET /offenders 200 in 170ms (next.js: 9ms, application-code: 161ms)
 GET /offenders 200 in 182ms (next.js: 10ms, application-code: 172ms)
 GET /offenders 200 in 200ms (next.js: 11ms, application-code: 189ms)
 GET /offenders 200 in 201ms (next.js: 11ms, application-code: 190ms)
 GET /offenders 200 in 211ms (next.js: 27ms, application-code: 184ms)
 GET /offenders 200 in 196ms (next.js: 11ms, application-code: 186ms)
 GET /offenders 200 in 242ms (next.js: 18ms, application-code: 223ms)
 GET /offenders 200 in 209ms (next.js: 10ms, application-code: 199ms)
 GET /offenders 200 in 213ms (next.js: 10ms, application-code: 203ms)
 GET /offenders 200 in 208ms (next.js: 10ms, application-code: 198ms)
 GET /offenders 200 in 177ms (next.js: 10ms, application-code: 167ms)
 GET /offenders 200 in 153ms (next.js: 8ms, application-code: 145ms)
 GET /offenders 200 in 239ms (next.js: 11ms, application-code: 227ms)
 GET /offenders 200 in 194ms (next.js: 10ms, application-code: 184ms)
 GET /offenders 200 in 205ms (next.js: 11ms, application-code: 194ms)
 GET /offenders 200 in 187ms (next.js: 10ms, application-code: 178ms)
 GET /offenders 200 in 180ms (next.js: 9ms, application-code: 170ms)
 GET /offenders 200 in 204ms (next.js: 9ms, application-code: 195ms)
 GET /offenders 200 in 162ms (next.js: 9ms, application-code: 153ms)
 GET /offenders 200 in 178ms (next.js: 8ms, application-code: 169ms)
 GET /offenders 200 in 180ms (next.js: 11ms, application-code: 170ms)
 GET /offenders 200 in 199ms (next.js: 10ms, application-code: 190ms)
 GET /offenders 200 in 209ms (next.js: 10ms, application-code: 199ms)
 GET /offenders 200 in 198ms (next.js: 10ms, application-code: 188ms)
 GET /offenders 200 in 196ms (next.js: 10ms, application-code: 186ms)
 GET /offenders 200 in 197ms (next.js: 8ms, application-code: 189ms)
 GET /offenders 200 in 201ms (next.js: 8ms, application-code: 193ms)
 GET /offenders 200 in 203ms (next.js: 9ms, application-code: 193ms)
 GET /offenders 200 in 217ms (next.js: 28ms, application-code: 189ms)
 GET /offenders 200 in 209ms (next.js: 12ms, application-code: 197ms)
 GET /offenders 200 in 226ms (next.js: 9ms, application-code: 217ms)
 GET /offenders 200 in 210ms (next.js: 12ms, application-code: 198ms)
 GET /offenders 200 in 173ms (next.js: 9ms, application-code: 163ms)
 GET /offenders 200 in 224ms (next.js: 11ms, application-code: 214ms)
 GET /offenders 200 in 231ms (next.js: 10ms, application-code: 221ms)
 GET /offenders 200 in 205ms (next.js: 9ms, application-code: 197ms)
 GET /offenders 200 in 193ms (next.js: 9ms, application-code: 184ms)
 GET /offenders 200 in 199ms (next.js: 11ms, application-code: 188ms)
 GET /offenders 200 in 289ms (next.js: 9ms, application-code: 279ms)
 GET /offenders 200 in 174ms (next.js: 8ms, application-code: 165ms)
 GET /offenders 200 in 191ms (next.js: 9ms, application-code: 182ms)
 GET /offenders 200 in 222ms (next.js: 10ms, application-code: 212ms)
 GET /offenders 200 in 204ms (next.js: 10ms, application-code: 194ms)
 GET /offenders 200 in 194ms (next.js: 10ms, application-code: 184ms)
 GET /offenders 200 in 222ms (next.js: 32ms, application-code: 191ms)
 GET /offenders 200 in 170ms (next.js: 10ms, application-code: 160ms)
 GET /offenders 200 in 202ms (next.js: 8ms, application-code: 194ms)
 GET /offenders 200 in 193ms (next.js: 10ms, application-code: 183ms)
 GET /offenders 200 in 198ms (next.js: 10ms, application-code: 188ms)
 GET /offenders 200 in 202ms (next.js: 9ms, application-code: 193ms)
 GET /offenders 200 in 191ms (next.js: 10ms, application-code: 181ms)
 GET /offenders 200 in 166ms (next.js: 9ms, application-code: 157ms)
 GET /offenders 200 in 215ms (next.js: 29ms, application-code: 186ms)
 GET /offenders 200 in 205ms (next.js: 12ms, application-code: 193ms)
 GET /offenders 200 in 189ms (next.js: 8ms, application-code: 181ms)
 GET /offenders 200 in 184ms (next.js: 9ms, application-code: 175ms)
 GET /offenders 200 in 223ms (next.js: 10ms, application-code: 213ms)
 GET /offenders 200 in 173ms (next.js: 7ms, application-code: 165ms)
 GET /offenders 200 in 198ms (next.js: 9ms, application-code: 189ms)
 GET /offenders 200 in 229ms (next.js: 11ms, application-code: 217ms)
 GET / 200 in 271ms (next.js: 151ms, application-code: 120ms)
 GET /dashboard/admin 200 in 220ms (next.js: 162ms, application-code: 58ms)
 GET /offenders 200 in 43ms (next.js: 6ms, application-code: 37ms)
 GET /dashboard/admin 200 in 247ms (next.js: 6ms, application-code: 241ms)
 GET /offenders 200 in 36ms (next.js: 6ms, application-code: 29ms)
 GET /offenders 200 in 160ms (next.js: 9ms, application-code: 152ms)
 GET /offenders 200 in 183ms (next.js: 9ms, application-code: 174ms)
 GET /offenders 200 in 250ms (next.js: 8ms, application-code: 242ms)
 GET /offenders 200 in 197ms (next.js: 10ms, application-code: 187ms)
 GET /offenders 200 in 135ms (next.js: 7ms, application-code: 128ms)
 GET /offenders 200 in 143ms (next.js: 6ms, application-code: 136ms)
 GET /offenders 200 in 121ms (next.js: 6ms, application-code: 115ms)
 GET /offenders 200 in 130ms (next.js: 5ms, application-code: 124ms)
 GET /offenders 200 in 130ms (next.js: 6ms, application-code: 124ms)
 GET /offenders 200 in 122ms (next.js: 6ms, application-code: 116ms)
 GET /offenders 200 in 169ms (next.js: 8ms, application-code: 161ms)
 GET /offenders 200 in 134ms (next.js: 6ms, application-code: 127ms)
 GET /offenders 200 in 139ms (next.js: 6ms, application-code: 133ms)
 GET /offenders 200 in 126ms (next.js: 6ms, application-code: 120ms)
 GET /offenders 200 in 129ms (next.js: 7ms, application-code: 123ms)
 GET /offenders 200 in 123ms (next.js: 6ms, application-code: 117ms)
 GET /offenders 200 in 142ms (next.js: 6ms, application-code: 136ms)
 GET /offenders 200 in 155ms (next.js: 9ms, application-code: 146ms)
 GET /offenders 200 in 144ms (next.js: 8ms, application-code: 136ms)
 GET /offenders 200 in 143ms (next.js: 6ms, application-code: 137ms)
 GET /offenders 200 in 135ms (next.js: 6ms, application-code: 129ms)
 GET /offenders 200 in 123ms (next.js: 6ms, application-code: 117ms)
 GET /offenders 200 in 167ms (next.js: 8ms, application-code: 159ms)
 GET /offenders 200 in 122ms (next.js: 6ms, application-code: 116ms)
 GET /offenders 200 in 154ms (next.js: 7ms, application-code: 147ms)
 GET /offenders 200 in 133ms (next.js: 6ms, application-code: 127ms)
 GET /offenders 200 in 153ms (next.js: 7ms, application-code: 146ms)
 GET /offenders 200 in 276ms (next.js: 9ms, application-code: 267ms)
 GET /offenders 200 in 186ms (next.js: 10ms, application-code: 176ms)
 GET /offenders 200 in 179ms (next.js: 7ms, application-code: 172ms)
 GET /offenders 200 in 211ms (next.js: 31ms, application-code: 180ms)
 GET /offenders 200 in 194ms (next.js: 12ms, application-code: 182ms)
 GET /offenders 200 in 191ms (next.js: 10ms, application-code: 182ms)
 GET /offenders 200 in 158ms (next.js: 9ms, application-code: 148ms)
 GET /offenders 200 in 153ms (next.js: 11ms, application-code: 142ms)
 GET /offenders 200 in 196ms (next.js: 8ms, application-code: 187ms)
 GET /offenders 200 in 187ms (next.js: 10ms, application-code: 177ms)
 GET /offenders 200 in 193ms (next.js: 10ms, application-code: 184ms)
 GET /offenders 200 in 218ms (next.js: 13ms, application-code: 206ms)
 GET /offenders 200 in 230ms (next.js: 11ms, application-code: 219ms)
 GET /offenders 200 in 173ms (next.js: 10ms, application-code: 163ms)
 GET /offenders 200 in 141ms (next.js: 7ms, application-code: 134ms)
 GET /offenders 200 in 126ms (next.js: 6ms, application-code: 120ms)
 GET /offenders 200 in 186ms (next.js: 6ms, application-code: 180ms)
 GET /offenders 200 in 138ms (next.js: 7ms, application-code: 131ms)
 GET /offenders 200 in 126ms (next.js: 6ms, application-code: 120ms)
 GET /offenders 200 in 164ms (next.js: 7ms, application-code: 157ms)
 GET /offenders 200 in 141ms (next.js: 8ms, application-code: 133ms)
 GET /offenders 200 in 129ms (next.js: 6ms, application-code: 123ms)
 GET /offenders 200 in 142ms (next.js: 6ms, application-code: 136ms)
 GET /offenders 200 in 183ms (next.js: 6ms, application-code: 177ms)
 GET /offenders 200 in 149ms (next.js: 6ms, application-code: 143ms)
 GET /offenders 200 in 167ms (next.js: 8ms, application-code: 159ms)
 GET /offenders 200 in 147ms (next.js: 6ms, application-code: 141ms)
 GET /offenders 200 in 132ms (next.js: 7ms, application-code: 125ms)
 GET /offenders 200 in 141ms (next.js: 6ms, application-code: 135ms)
 GET /offenders 200 in 136ms (next.js: 8ms, application-code: 129ms)
 GET /offenders 200 in 182ms (next.js: 8ms, application-code: 174ms)
 GET /offenders 200 in 136ms (next.js: 6ms, application-code: 129ms)
 GET /offenders 200 in 128ms (next.js: 7ms, application-code: 121ms)
 GET /offenders 200 in 135ms (next.js: 6ms, application-code: 129ms)
 GET /offenders 200 in 140ms (next.js: 6ms, application-code: 134ms)
 GET /offenders 200 in 149ms (next.js: 6ms, application-code: 143ms)
 GET /offenders 200 in 151ms (next.js: 6ms, application-code: 145ms)
 GET /offenders 200 in 149ms (next.js: 7ms, application-code: 143ms)
 GET /offenders 200 in 143ms (next.js: 7ms, application-code: 136ms)
 GET /offenders 200 in 150ms (next.js: 6ms, application-code: 144ms)
 GET /offenders 200 in 138ms (next.js: 6ms, application-code: 132ms)
 GET /offenders 200 in 172ms (next.js: 6ms, application-code: 167ms)
 GET /offenders 200 in 207ms (next.js: 14ms, application-code: 192ms)
 GET /offenders 200 in 138ms (next.js: 6ms, application-code: 132ms)
 GET /offenders 200 in 206ms (next.js: 8ms, application-code: 198ms)
 GET /offenders 200 in 184ms (next.js: 9ms, application-code: 175ms)
 GET /offenders 200 in 135ms (next.js: 7ms, application-code: 128ms)
 GET /offenders 200 in 175ms (next.js: 7ms, application-code: 168ms)
 GET /offenders 200 in 174ms (next.js: 8ms, application-code: 166ms)
 GET /offenders 200 in 211ms (next.js: 10ms, application-code: 201ms)
 GET /offenders 200 in 192ms (next.js: 9ms, application-code: 183ms)
 GET /offenders 200 in 303ms (next.js: 12ms, application-code: 291ms)
 GET /offenders 200 in 298ms (next.js: 11ms, application-code: 287ms)
 GET /offenders 200 in 241ms (next.js: 11ms, application-code: 230ms)
 GET /offenders 200 in 265ms (next.js: 19ms, application-code: 247ms)
 GET /offenders 200 in 253ms (next.js: 17ms, application-code: 236ms)
 GET /offenders 200 in 376ms (next.js: 16ms, application-code: 360ms)
 GET /offenders 200 in 540ms (next.js: 10ms, application-code: 530ms)
 GET /offenders 200 in 186ms (next.js: 8ms, application-code: 178ms)
 GET /offenders 200 in 267ms (next.js: 10ms, application-code: 257ms)
 GET /offenders 200 in 190ms (next.js: 9ms, application-code: 181ms)
 GET /offenders 200 in 403ms (next.js: 13ms, application-code: 389ms)
 GET /offenders 200 in 354ms (next.js: 15ms, application-code: 339ms)
 GET /login 200 in 359ms (next.js: 229ms, application-code: 130ms)
 GET /offenders 200 in 2.5s (next.js: 316ms, application-code: 2.2s)
 GET /offenders 200 in 523ms (next.js: 19ms, application-code: 504ms)
 GET /offenders 200 in 388ms (next.js: 12ms, application-code: 377ms)
 GET /offenders 200 in 288ms (next.js: 12ms, application-code: 276ms)
 GET /offenders 200 in 257ms (next.js: 10ms, application-code: 247ms)
 GET /offenders 200 in 320ms (next.js: 17ms, application-code: 303ms)
 GET /offenders 200 in 262ms (next.js: 10ms, application-code: 252ms)
 GET /offenders 200 in 302ms (next.js: 15ms, application-code: 288ms)
 GET /offenders 200 in 290ms (next.js: 18ms, application-code: 272ms)
 GET /offenders 200 in 266ms (next.js: 12ms, application-code: 254ms)
 GET /offenders 200 in 269ms (next.js: 15ms, application-code: 254ms)
 GET /offenders 200 in 292ms (next.js: 12ms, application-code: 280ms)
 GET /offenders 200 in 272ms (next.js: 11ms, application-code: 261ms)
 GET /offenders 200 in 289ms (next.js: 16ms, application-code: 273ms)
 GET /offenders 200 in 280ms (next.js: 12ms, application-code: 268ms)
 GET /offenders 200 in 371ms (next.js: 11ms, application-code: 360ms)
 GET /offenders 200 in 308ms (next.js: 15ms, application-code: 293ms)
 GET /offenders 200 in 242ms (next.js: 14ms, application-code: 228ms)
 GET /offenders 200 in 570ms (next.js: 23ms, application-code: 547ms)
 GET /offenders 200 in 312ms (next.js: 20ms, application-code: 292ms)
 GET /offenders 200 in 359ms (next.js: 58ms, application-code: 301ms)
 GET /offenders 200 in 307ms (next.js: 15ms, application-code: 292ms)
 GET /offenders 200 in 347ms (next.js: 30ms, application-code: 318ms)
 GET /offenders 200 in 281ms (next.js: 12ms, application-code: 270ms)
 GET /offenders 200 in 247ms (next.js: 13ms, application-code: 234ms)
 GET /offenders 200 in 254ms (next.js: 12ms, application-code: 241ms)
 GET /offenders 200 in 220ms (next.js: 10ms, application-code: 211ms)
 GET /offenders 200 in 291ms (next.js: 14ms, application-code: 277ms)
 GET /offenders 200 in 427ms (next.js: 12ms, application-code: 415ms)
 GET /offenders 200 in 236ms (next.js: 12ms, application-code: 224ms)
 GET /offenders 200 in 241ms (next.js: 12ms, application-code: 229ms)
 GET /offenders 200 in 255ms (next.js: 10ms, application-code: 245ms)
 GET /offenders 200 in 201ms (next.js: 9ms, application-code: 192ms)
 GET /offenders 200 in 221ms (next.js: 32ms, application-code: 189ms)
 GET /offenders 200 in 204ms (next.js: 12ms, application-code: 191ms)
 GET /offenders 200 in 201ms (next.js: 11ms, application-code: 191ms)
 GET /offenders 200 in 239ms (next.js: 9ms, application-code: 231ms)
 GET /offenders 200 in 208ms (next.js: 13ms, application-code: 195ms)
 GET /offenders 200 in 200ms (next.js: 9ms, application-code: 190ms)
 GET /offenders 200 in 196ms (next.js: 11ms, application-code: 184ms)
 GET /offenders 200 in 177ms (next.js: 9ms, application-code: 169ms)
 GET /offenders 200 in 168ms (next.js: 9ms, application-code: 159ms)
 GET /offenders 200 in 217ms (next.js: 10ms, application-code: 207ms)
 GET /offenders 200 in 236ms (next.js: 12ms, application-code: 225ms)
 GET /offenders 200 in 212ms (next.js: 10ms, application-code: 202ms)
 GET /offenders 200 in 138ms (next.js: 6ms, application-code: 132ms)
 GET /offenders 200 in 190ms (next.js: 8ms, application-code: 183ms)
 GET /offenders 200 in 197ms (next.js: 7ms, application-code: 190ms)
 GET /offenders 200 in 202ms (next.js: 9ms, application-code: 193ms)
 GET /offenders 200 in 230ms (next.js: 9ms, application-code: 221ms)
 GET /offenders 200 in 239ms (next.js: 8ms, application-code: 230ms)
 GET /offenders 200 in 227ms (next.js: 10ms, application-code: 217ms)
 GET /offenders 200 in 186ms (next.js: 9ms, application-code: 177ms)
 GET /offenders 200 in 201ms (next.js: 10ms, application-code: 192ms)
 GET /offenders 200 in 259ms (next.js: 13ms, application-code: 246ms)
 GET /offenders 200 in 176ms (next.js: 8ms, application-code: 168ms)
 GET /offenders 200 in 237ms (next.js: 10ms, application-code: 228ms)
 GET /offenders 200 in 182ms (next.js: 9ms, application-code: 173ms)
 GET /offenders 200 in 184ms (next.js: 9ms, application-code: 175ms)
 GET /offenders 200 in 188ms (next.js: 8ms, application-code: 180ms)
 GET /offenders 200 in 627ms (next.js: 26ms, application-code: 601ms)
 GET /offenders 200 in 250ms (next.js: 10ms, application-code: 241ms)
 GET /offenders 200 in 204ms (next.js: 9ms, application-code: 195ms)
 GET /offenders 200 in 217ms (next.js: 11ms, application-code: 206ms)
 GET /offenders 200 in 190ms (next.js: 9ms, application-code: 182ms)
 GET /offenders 200 in 219ms (next.js: 23ms, application-code: 196ms)
 GET /offenders 200 in 183ms (next.js: 8ms, application-code: 175ms)
 GET /offenders 200 in 207ms (next.js: 10ms, application-code: 197ms)
 GET /offenders 200 in 205ms (next.js: 10ms, application-code: 195ms)
 GET /offenders 200 in 212ms (next.js: 9ms, application-code: 203ms)
 GET /offenders 200 in 188ms (next.js: 9ms, application-code: 179ms)
 GET /offenders 200 in 226ms (next.js: 9ms, application-code: 217ms)
 GET /offenders 200 in 241ms (next.js: 10ms, application-code: 232ms)
 GET /offenders 200 in 206ms (next.js: 9ms, application-code: 198ms)
 GET /offenders 200 in 261ms (next.js: 11ms, application-code: 250ms)
 GET /offenders 200 in 308ms (next.js: 23ms, application-code: 286ms)
 GET /offenders 200 in 203ms (next.js: 9ms, application-code: 194ms)
 GET /offenders 200 in 188ms (next.js: 9ms, application-code: 180ms)
 GET /offenders 200 in 225ms (next.js: 10ms, application-code: 215ms)
 GET /offenders 200 in 203ms (next.js: 9ms, application-code: 194ms)
 GET /offenders 200 in 215ms (next.js: 8ms, application-code: 206ms)
 GET /offenders 200 in 238ms (next.js: 9ms, application-code: 229ms)
 GET /offenders 200 in 208ms (next.js: 8ms, application-code: 200ms)
 GET /offenders 200 in 250ms (next.js: 18ms, application-code: 232ms)
 GET /offenders 200 in 222ms (next.js: 12ms, application-code: 210ms)
 GET /offenders 200 in 271ms (next.js: 14ms, application-code: 258ms)
 GET /offenders 200 in 252ms (next.js: 14ms, application-code: 238ms)
 GET /offenders 200 in 237ms (next.js: 9ms, application-code: 227ms)
 GET /offenders 200 in 170ms (next.js: 8ms, application-code: 162ms)
 GET /offenders 200 in 267ms (next.js: 11ms, application-code: 255ms)
 GET /offenders 200 in 283ms (next.js: 14ms, application-code: 270ms)
 GET /offenders 200 in 260ms (next.js: 12ms, application-code: 248ms)
 GET /offenders 200 in 300ms (next.js: 12ms, application-code: 289ms)
 GET /offenders 200 in 204ms (next.js: 9ms, application-code: 195ms)
 GET /offenders 200 in 206ms (next.js: 8ms, application-code: 198ms)
 GET /offenders 200 in 225ms (next.js: 8ms, application-code: 217ms)
 GET /offenders 200 in 211ms (next.js: 9ms, application-code: 202ms)
 GET /offenders 200 in 183ms (next.js: 8ms, application-code: 175ms)
 GET /offenders 200 in 164ms (next.js: 8ms, application-code: 156ms)
 GET /offenders 200 in 253ms (next.js: 11ms, application-code: 242ms)
 GET /offenders 200 in 289ms (next.js: 12ms, application-code: 277ms)
 GET /offenders 200 in 254ms (next.js: 11ms, application-code: 243ms)
 GET /offenders 200 in 270ms (next.js: 11ms, application-code: 260ms)
 GET /offenders 200 in 247ms (next.js: 10ms, application-code: 238ms)
 GET /offenders 200 in 222ms (next.js: 7ms, application-code: 215ms)
 GET /offenders 200 in 202ms (next.js: 9ms, application-code: 192ms)
 GET /offenders 200 in 337ms (next.js: 10ms, application-code: 327ms)
 GET /offenders 200 in 214ms (next.js: 9ms, application-code: 205ms)
 GET /offenders 200 in 215ms (next.js: 10ms, application-code: 205ms)
 GET /offenders 200 in 274ms (next.js: 10ms, application-code: 264ms)
 GET /offenders 200 in 188ms (next.js: 9ms, application-code: 179ms)
 GET /offenders 200 in 197ms (next.js: 10ms, application-code: 187ms)
 GET /offenders 200 in 209ms (next.js: 9ms, application-code: 200ms)
 GET /offenders 200 in 218ms (next.js: 8ms, application-code: 210ms)
 GET /offenders 200 in 231ms (next.js: 9ms, application-code: 223ms)
 GET /offenders 200 in 206ms (next.js: 9ms, application-code: 196ms)
 GET /offenders 200 in 219ms (next.js: 7ms, application-code: 212ms)
 GET /offenders 200 in 207ms (next.js: 10ms, application-code: 197ms)
 GET /offenders 200 in 260ms (next.js: 10ms, application-code: 250ms)
 GET /offenders 200 in 223ms (next.js: 10ms, application-code: 213ms)
 GET /offenders 200 in 210ms (next.js: 11ms, application-code: 199ms)
 GET /offenders 200 in 258ms (next.js: 11ms, application-code: 248ms)
 GET /offenders 200 in 200ms (next.js: 9ms, application-code: 191ms)
 GET /offenders 200 in 206ms (next.js: 11ms, application-code: 196ms)
 GET /offenders 200 in 233ms (next.js: 11ms, application-code: 222ms)
 GET /offenders 200 in 192ms (next.js: 9ms, application-code: 183ms)
 GET /offenders 200 in 181ms (next.js: 7ms, application-code: 174ms)
 GET /offenders 200 in 246ms (next.js: 9ms, application-code: 236ms)
 GET /offenders 200 in 273ms (next.js: 14ms, application-code: 259ms)
 GET /offenders 200 in 190ms (next.js: 9ms, application-code: 181ms)
